2026-09-21 22:58:21.244 | INFO     | mineru.backend.analysis.pdf.window:_log_processing_window_plan:118 - Hybrid processing-window run. page_count=7, window_size=64, total_windows=1
2026-09-21 22:58:23.459 | DEBUG    | docvortex.document.pdf.images:_load_images_from_pdf_worker:101 - PDF render worker started: pid=15108, pages=1-7, dpi=200, image_type=pil_img, pdf_bytes=6146528
2026-09-21 22:58:24.402 | DEBUG    | docvortex.document.pdf.images:_load_images_from_pdf_worker:113 - PDF render worker completed: pid=15108, pages=1-7, elapsed=0.943s, images=7
2026-09-21 22:58:24.848 | INFO     | mineru.backend.analysis.pdf.window:_log_processing_window:126 - Hybrid processing window 1/1: pages 1-7/7 (7 pages)

Layout Predict:   0%|          | 0/7 [00:00<?, ?it/s]
Layout Predict:  29%|██▊       | 2/7 [00:01<00:04,  1.12it/s]
Layout Predict:  57%|█████▋    | 4/7 [00:03<00:02,  1.10it/s]
Layout Predict:  86%|████████▌ | 6/7 [00:05<00:00,  1.16it/s]
Layout Predict: 100%|██████████| 7/7 [00:06<00:00,  1.16it/s]
Layout Predict: 100%|██████████| 7/7 [00:06<00:00,  1.15it/s]

MFR Predict:   0%|          | 0/149 [00:00<?, ?it/s]
MFR Predict:   5%|▌         | 8/149 [00:03<00:53,  2.65it/s]
MFR Predict:  11%|█         | 16/149 [00:06<00:50,  2.65it/s]
MFR Predict:  16%|█▌        | 24/149 [00:08<00:45,  2.76it/s]
MFR Predict:  21%|██▏       | 32/149 [00:11<00:40,  2.87it/s]
MFR Predict:  27%|██▋       | 40/149 [00:14<00:37,  2.93it/s]
MFR Predict:  32%|███▏      | 48/149 [00:16<00:33,  3.00it/s]
MFR Predict:  38%|███▊      | 56/149 [00:19<00:31,  2.98it/s]
MFR Predict:  43%|████▎     | 64/149 [00:21<00:28,  2.98it/s]
MFR Predict:  48%|████▊     | 72/149 [00:24<00:25,  3.00it/s]
MFR Predict:  54%|█████▎    | 80/149 [00:27<00:22,  3.02it/s]
MFR Predict:  59%|█████▉    | 88/149 [00:29<00:20,  2.99it/s]
MFR Predict:  64%|██████▍   | 96/149 [00:32<00:17,  2.97it/s]
MFR Predict:  70%|██████▉   | 104/149 [00:35<00:15,  2.99it/s]
MFR Predict:  75%|███████▌  | 112/149 [00:38<00:12,  2.98it/s]
MFR Predict:  81%|████████  | 120/149 [00:41<00:10,  2.79it/s]
MFR Predict:  86%|████████▌ | 128/149 [00:45<00:08,  2.42it/s]
MFR Predict:  91%|█████████▏| 136/149 [00:49<00:05,  2.40it/s]
MFR Predict:  97%|█████████▋| 144/149 [00:52<00:02,  2.42it/s]
MFR Predict: 100%|██████████| 149/149 [01:10<00:00,  1.09s/it]
MFR Predict: 100%|██████████| 149/149 [01:10<00:00,  2.12it/s]

Table-wireless Predict:   0%|          | 0/1 [00:00<?, ?it/s]
Table-wireless Predict: 100%|██████████| 1/1 [00:00<00:00, 10.46it/s]

OCR-det:   0%|          | 0/114 [00:00<?, ?it/s]
OCR-det:  13%|█▎        | 15/114 [00:00<00:06, 15.54it/s]
OCR-det:  27%|██▋       | 31/114 [00:01<00:03, 25.19it/s]
OCR-det:  34%|███▍      | 39/114 [00:01<00:02, 31.05it/s]
OCR-det:  39%|███▉      | 45/114 [00:01<00:01, 34.62it/s]
OCR-det:  48%|████▊     | 55/114 [00:01<00:01, 42.28it/s]
OCR-det:  54%|█████▎    | 61/114 [00:01<00:01, 43.29it/s]
OCR-det:  59%|█████▉    | 67/114 [00:02<00:01, 34.81it/s]
OCR-det:  68%|██████▊   | 77/114 [00:02<00:00, 45.58it/s]
OCR-det:  75%|███████▌  | 86/114 [00:02<00:00, 44.62it/s]
OCR-det:  82%|████████▏ | 93/114 [00:02<00:00, 48.80it/s]
OCR-det:  92%|█████████▏| 105/114 [00:02<00:00, 60.69it/s]
OCR-det:  99%|█████████▉| 113/114 [00:02<00:00, 62.76it/s]
OCR-det: 100%|██████████| 114/114 [00:02<00:00, 40.79it/s]

OCR-rec Predict:   0%|          | 0/282 [00:00<?, ?it/s]
OCR-rec Predict:   2%|▏         | 6/282 [00:00<00:08, 33.69it/s]
OCR-rec Predict:   6%|▋         | 18/282 [00:00<00:04, 56.94it/s]
OCR-rec Predict:  11%|█         | 30/282 [00:00<00:04, 62.00it/s]
OCR-rec Predict:  15%|█▍        | 42/282 [00:00<00:03, 67.84it/s]
OCR-rec Predict:  19%|█▉        | 54/282 [00:00<00:03, 75.98it/s]
OCR-rec Predict:  23%|██▎       | 66/282 [00:00<00:02, 81.62it/s]
OCR-rec Predict:  28%|██▊       | 78/282 [00:01<00:02, 85.85it/s]
OCR-rec Predict:  32%|███▏      | 90/282 [00:01<00:02, 84.26it/s]
OCR-rec Predict:  36%|███▌      | 102/282 [00:01<00:02, 86.18it/s]
OCR-rec Predict:  40%|████      | 114/282 [00:01<00:01, 89.51it/s]
OCR-rec Predict:  45%|████▍     | 126/282 [00:01<00:01, 91.08it/s]
OCR-rec Predict:  49%|████▉     | 138/282 [00:01<00:01, 87.73it/s]
OCR-rec Predict:  53%|█████▎    | 150/282 [00:01<00:01, 85.87it/s]
OCR-rec Predict:  57%|█████▋    | 162/282 [00:02<00:01, 85.62it/s]
OCR-rec Predict:  62%|██████▏   | 174/282 [00:02<00:01, 83.19it/s]
OCR-rec Predict:  66%|██████▌   | 186/282 [00:02<00:01, 80.63it/s]
OCR-rec Predict:  70%|███████   | 198/282 [00:02<00:01, 71.50it/s]
OCR-rec Predict:  74%|███████▍  | 210/282 [00:02<00:01, 63.44it/s]
OCR-rec Predict:  79%|███████▊  | 222/282 [00:03<00:01, 51.47it/s]
OCR-rec Predict:  81%|████████  | 228/282 [00:03<00:01, 40.72it/s]
OCR-rec Predict:  83%|████████▎ | 234/282 [00:03<00:01, 36.63it/s]
OCR-rec Predict:  85%|████████▌ | 240/282 [00:03<00:01, 32.96it/s]
OCR-rec Predict:  87%|████████▋ | 246/282 [00:04<00:01, 30.55it/s]
OCR-rec Predict:  89%|████████▉ | 252/282 [00:04<00:01, 28.75it/s]
OCR-rec Predict:  91%|█████████▏| 258/282 [00:04<00:00, 27.26it/s]
OCR-rec Predict:  94%|█████████▎| 264/282 [00:04<00:00, 24.61it/s]
OCR-rec Predict:  96%|█████████▌| 270/282 [00:05<00:00, 21.48it/s]
OCR-rec Predict:  98%|█████████▊| 276/282 [00:05<00:00, 17.95it/s]
OCR-rec Predict: 100%|██████████| 282/282 [00:06<00:00, 15.65it/s]
OCR-rec Predict: 100%|██████████| 282/282 [00:06<00:00, 45.01it/s]
已解析 1 个输入。
