2026-09-21 23:00:26.738 | INFO     | mineru.backend.analysis.pdf.window:_log_processing_window_plan:118 - Hybrid processing-window run. page_count=10, window_size=64, total_windows=1
2026-09-21 23:00:29.435 | DEBUG    | docvortex.document.pdf.images:_load_images_from_pdf_worker:101 - PDF render worker started: pid=9704, pages=1-10, dpi=200, image_type=pil_img, pdf_bytes=4312610
2026-09-21 23:00:30.591 | DEBUG    | docvortex.document.pdf.images:_load_images_from_pdf_worker:113 - PDF render worker completed: pid=9704, pages=1-10, elapsed=1.156s, images=10
2026-09-21 23:00:31.333 | INFO     | mineru.backend.analysis.pdf.window:_log_processing_window:126 - Hybrid processing window 1/1: pages 1-10/10 (10 pages)

Layout Predict:   0%|          | 0/10 [00:00<?, ?it/s]
Layout Predict:  20%|██        | 2/10 [00:01<00:07,  1.14it/s]
Layout Predict:  40%|████      | 4/10 [00:03<00:04,  1.25it/s]
Layout Predict:  60%|██████    | 6/10 [00:04<00:03,  1.22it/s]
Layout Predict:  80%|████████  | 8/10 [00:06<00:01,  1.21it/s]
Layout Predict: 100%|██████████| 10/10 [00:08<00:00,  1.11it/s]
Layout Predict: 100%|██████████| 10/10 [00:08<00:00,  1.15it/s]

MFR Predict:   0%|          | 0/93 [00:00<?, ?it/s]
MFR Predict:   9%|▊         | 8/93 [00:02<00:27,  3.09it/s]
MFR Predict:  17%|█▋        | 16/93 [00:05<00:24,  3.14it/s]
MFR Predict:  26%|██▌       | 24/93 [00:07<00:21,  3.19it/s]
MFR Predict:  34%|███▍      | 32/93 [00:10<00:19,  3.11it/s]
MFR Predict:  43%|████▎     | 40/93 [00:13<00:17,  2.95it/s]
MFR Predict:  52%|█████▏    | 48/93 [00:15<00:14,  3.09it/s]
MFR Predict:  60%|██████    | 56/93 [00:18<00:12,  2.98it/s]
MFR Predict:  69%|██████▉   | 64/93 [00:21<00:10,  2.89it/s]
MFR Predict:  77%|███████▋  | 72/93 [00:24<00:07,  2.74it/s]
MFR Predict:  86%|████████▌ | 80/93 [00:27<00:04,  2.63it/s]
MFR Predict:  95%|█████████▍| 88/93 [00:32<00:02,  2.28it/s]
MFR Predict: 100%|██████████| 93/93 [00:36<00:00,  1.93it/s]
MFR Predict: 100%|██████████| 93/93 [00:36<00:00,  2.54it/s]

Table-wireless Predict:   0%|          | 0/2 [00:00<?, ?it/s]
Table-wireless Predict: 100%|██████████| 2/2 [00:00<00:00, 11.20it/s]
Table-wireless Predict: 100%|██████████| 2/2 [00:00<00:00, 11.19it/s]

OCR-det:   0%|          | 0/100 [00:00<?, ?it/s]
OCR-det:   2%|▏         | 2/100 [00:00<00:24,  4.07it/s]
OCR-det:  14%|█▍        | 14/100 [00:00<00:03, 22.60it/s]
OCR-det:  21%|██        | 21/100 [00:00<00:02, 30.93it/s]
OCR-det:  38%|███▊      | 38/100 [00:01<00:01, 38.80it/s]
OCR-det:  48%|████▊     | 48/100 [00:01<00:01, 44.19it/s]
OCR-det:  55%|█████▌    | 55/100 [00:01<00:00, 45.99it/s]
OCR-det:  75%|███████▌  | 75/100 [00:01<00:00, 70.61it/s]
OCR-det:  86%|████████▌ | 86/100 [00:01<00:00, 78.04it/s]
OCR-det:  99%|█████████▉| 99/100 [00:01<00:00, 88.56it/s]
OCR-det: 100%|██████████| 100/100 [00:01<00:00, 53.31it/s]

OCR-rec Predict:   0%|          | 0/215 [00:00<?, ?it/s]
OCR-rec Predict:   6%|▌         | 12/215 [00:00<00:02, 87.34it/s]
OCR-rec Predict:  11%|█         | 24/215 [00:00<00:02, 89.76it/s]
OCR-rec Predict:  17%|█▋        | 36/215 [00:00<00:02, 88.08it/s]
OCR-rec Predict:  22%|██▏       | 48/215 [00:00<00:02, 80.59it/s]
OCR-rec Predict:  28%|██▊       | 60/215 [00:00<00:01, 84.39it/s]
OCR-rec Predict:  33%|███▎      | 72/215 [00:00<00:01, 83.57it/s]
OCR-rec Predict:  39%|███▉      | 84/215 [00:01<00:01, 81.35it/s]
OCR-rec Predict:  45%|████▍     | 96/215 [00:01<00:01, 77.05it/s]
OCR-rec Predict:  50%|█████     | 108/215 [00:01<00:01, 80.01it/s]
OCR-rec Predict:  56%|█████▌    | 120/215 [00:01<00:01, 78.71it/s]
OCR-rec Predict:  61%|██████▏   | 132/215 [00:01<00:01, 75.52it/s]
OCR-rec Predict:  67%|██████▋   | 144/215 [00:01<00:00, 78.93it/s]
OCR-rec Predict:  73%|███████▎  | 156/215 [00:01<00:00, 74.50it/s]
OCR-rec Predict:  78%|███████▊  | 168/215 [00:02<00:00, 70.74it/s]
OCR-rec Predict:  84%|████████▎ | 180/215 [00:02<00:00, 55.15it/s]
OCR-rec Predict:  89%|████████▉ | 192/215 [00:02<00:00, 44.25it/s]
OCR-rec Predict:  92%|█████████▏| 198/215 [00:03<00:00, 37.57it/s]
OCR-rec Predict:  95%|█████████▍| 204/215 [00:03<00:00, 29.41it/s]
OCR-rec Predict:  98%|█████████▊| 210/215 [00:03<00:00, 23.61it/s]
OCR-rec Predict: 100%|██████████| 215/215 [00:04<00:00, 17.00it/s]
OCR-rec Predict: 100%|██████████| 215/215 [00:04<00:00, 47.10it/s]
已解析 1 个输入。
