2026-09-21 23:02:00.149 | INFO     | mineru.backend.analysis.pdf.window:_log_processing_window_plan:118 - Hybrid processing-window run. page_count=10, window_size=64, total_windows=1
2026-09-21 23:02:01.106 | DEBUG    | docvortex.document.pdf.images:_load_images_from_pdf_worker:101 - PDF render worker started: pid=3620, pages=1-10, dpi=200, image_type=pil_img, pdf_bytes=5513363
2026-09-21 23:02:01.958 | DEBUG    | docvortex.document.pdf.images:_load_images_from_pdf_worker:113 - PDF render worker completed: pid=3620, pages=1-10, elapsed=0.852s, images=10
2026-09-21 23:02:02.254 | INFO     | mineru.backend.analysis.pdf.window:_log_processing_window:126 - Hybrid processing window 1/1: pages 1-10/10 (10 pages)

Layout Predict:   0%|          | 0/10 [00:00<?, ?it/s]
Layout Predict:  20%|██        | 2/10 [00:01<00:04,  1.98it/s]
Layout Predict:  40%|████      | 4/10 [00:02<00:03,  1.95it/s]
Layout Predict:  60%|██████    | 6/10 [00:03<00:01,  2.01it/s]
Layout Predict:  80%|████████  | 8/10 [00:03<00:00,  2.04it/s]
Layout Predict: 100%|██████████| 10/10 [00:04<00:00,  2.05it/s]
Layout Predict: 100%|██████████| 10/10 [00:04<00:00,  2.03it/s]

MFR Predict:   0%|          | 0/140 [00:00<?, ?it/s]
MFR Predict:   6%|▌         | 8/140 [00:03<00:52,  2.51it/s]
MFR Predict:  11%|█▏        | 16/140 [00:05<00:43,  2.82it/s]
MFR Predict:  17%|█▋        | 24/140 [00:08<00:38,  3.02it/s]
MFR Predict:  23%|██▎       | 32/140 [00:10<00:35,  3.08it/s]
MFR Predict:  29%|██▊       | 40/140 [00:13<00:32,  3.09it/s]
MFR Predict:  34%|███▍      | 48/140 [00:15<00:29,  3.08it/s]
MFR Predict:  40%|████      | 56/140 [00:18<00:28,  2.91it/s]
MFR Predict:  46%|████▌     | 64/140 [00:21<00:25,  2.96it/s]
MFR Predict:  51%|█████▏    | 72/140 [00:27<00:31,  2.14it/s]
MFR Predict:  57%|█████▋    | 80/140 [00:30<00:25,  2.33it/s]
MFR Predict:  63%|██████▎   | 88/140 [00:33<00:21,  2.44it/s]
MFR Predict:  69%|██████▊   | 96/140 [00:36<00:17,  2.55it/s]
MFR Predict:  74%|███████▍  | 104/140 [00:38<00:12,  2.80it/s]
MFR Predict:  80%|████████  | 112/140 [00:40<00:09,  3.04it/s]
MFR Predict:  86%|████████▌ | 120/140 [00:42<00:06,  3.31it/s]
MFR Predict:  91%|█████████▏| 128/140 [00:44<00:03,  3.44it/s]
MFR Predict:  97%|█████████▋| 136/140 [00:46<00:01,  3.42it/s]
MFR Predict: 100%|██████████| 140/140 [01:11<00:00,  1.34s/it]
MFR Predict: 100%|██████████| 140/140 [01:11<00:00,  1.96it/s]

Table-wireless Predict:   0%|          | 0/2 [00:00<?, ?it/s]
Table-wireless Predict: 100%|██████████| 2/2 [00:00<00:00,  9.29it/s]
Table-wireless Predict: 100%|██████████| 2/2 [00:00<00:00,  9.25it/s]

OCR-det:   0%|          | 0/134 [00:00<?, ?it/s]
OCR-det:  12%|█▏        | 16/134 [00:00<00:05, 19.71it/s]
OCR-det:  13%|█▎        | 18/134 [00:01<00:06, 17.02it/s]
OCR-det:  28%|██▊       | 37/134 [00:01<00:03, 24.39it/s]
OCR-det:  31%|███▏      | 42/134 [00:01<00:03, 26.89it/s]
OCR-det:  45%|████▍     | 60/134 [00:01<00:01, 46.14it/s]
OCR-det:  60%|██████    | 81/134 [00:02<00:00, 68.02it/s]
OCR-det:  69%|██████▊   | 92/134 [00:02<00:00, 54.45it/s]
OCR-det:  75%|███████▍  | 100/134 [00:02<00:00, 54.44it/s]
OCR-det:  84%|████████▎ | 112/134 [00:02<00:00, 65.50it/s]
OCR-det:  93%|█████████▎| 125/134 [00:02<00:00, 67.99it/s]
OCR-det: 100%|██████████| 134/134 [00:02<00:00, 47.46it/s]

OCR-rec Predict:   0%|          | 0/308 [00:00<?, ?it/s]
OCR-rec Predict:   2%|▏         | 6/308 [00:00<00:06, 49.56it/s]
OCR-rec Predict:   6%|▌         | 18/308 [00:00<00:03, 73.75it/s]
OCR-rec Predict:  10%|▉         | 30/308 [00:00<00:03, 86.78it/s]
OCR-rec Predict:  14%|█▎        | 42/308 [00:00<00:02, 95.22it/s]
OCR-rec Predict:  18%|█▊        | 54/308 [00:00<00:02, 95.33it/s]
OCR-rec Predict:  21%|██▏       | 66/308 [00:00<00:02, 97.92it/s]
OCR-rec Predict:  25%|██▌       | 78/308 [00:00<00:02, 94.20it/s]
OCR-rec Predict:  29%|██▉       | 90/308 [00:00<00:02, 96.89it/s]
OCR-rec Predict:  33%|███▎      | 102/308 [00:01<00:02, 96.19it/s]
OCR-rec Predict:  37%|███▋      | 114/308 [00:01<00:02, 96.92it/s]
OCR-rec Predict:  41%|████      | 126/308 [00:01<00:01, 97.29it/s]
OCR-rec Predict:  45%|████▍     | 138/308 [00:01<00:01, 101.58it/s]
OCR-rec Predict:  49%|████▊     | 150/308 [00:01<00:01, 102.46it/s]
OCR-rec Predict:  53%|█████▎    | 162/308 [00:01<00:01, 102.54it/s]
OCR-rec Predict:  56%|█████▋    | 174/308 [00:01<00:01, 102.93it/s]
OCR-rec Predict:  60%|██████    | 186/308 [00:01<00:01, 105.88it/s]
OCR-rec Predict:  64%|██████▍   | 198/308 [00:02<00:01, 103.86it/s]
OCR-rec Predict:  68%|██████▊   | 210/308 [00:02<00:00, 100.25it/s]
OCR-rec Predict:  72%|███████▏  | 222/308 [00:02<00:01, 85.37it/s] 
OCR-rec Predict:  76%|███████▌  | 234/308 [00:02<00:01, 73.49it/s]
OCR-rec Predict:  80%|███████▉  | 246/308 [00:02<00:01, 61.63it/s]
OCR-rec Predict:  84%|████████▍ | 258/308 [00:03<00:00, 54.24it/s]
OCR-rec Predict:  88%|████████▊ | 270/308 [00:03<00:00, 47.70it/s]
OCR-rec Predict:  90%|████████▉ | 276/308 [00:03<00:00, 46.01it/s]
OCR-rec Predict:  92%|█████████▏| 282/308 [00:03<00:00, 43.53it/s]
OCR-rec Predict:  94%|█████████▎| 288/308 [00:03<00:00, 40.69it/s]
OCR-rec Predict:  95%|█████████▌| 294/308 [00:04<00:00, 36.64it/s]
OCR-rec Predict:  97%|█████████▋| 300/308 [00:04<00:00, 32.50it/s]
OCR-rec Predict:  99%|█████████▉| 306/308 [00:04<00:00, 27.58it/s]
OCR-rec Predict: 100%|██████████| 308/308 [00:04<00:00, 64.37it/s]
已解析 1 个输入。
