2026-09-21 22:09:09.580 | INFO     | mineru.backend.analysis.pdf.window:_log_processing_window_plan:118 - Hybrid processing-window run. page_count=12, window_size=64, total_windows=1
2026-09-21 22:09:10.546 | DEBUG    | docvortex.document.pdf.images:_load_images_from_pdf_worker:101 - PDF render worker started: pid=388, pages=1-12, dpi=200, image_type=pil_img, pdf_bytes=744375
2026-09-21 22:09:10.762 | DEBUG    | docvortex.document.pdf.images:_load_images_from_pdf_worker:113 - PDF render worker completed: pid=388, pages=1-12, elapsed=0.216s, images=12
2026-09-21 22:09:11.038 | INFO     | mineru.backend.analysis.pdf.window:_log_processing_window:126 - Hybrid processing window 1/1: pages 1-12/12 (12 pages)

Layout Predict:   0%|          | 0/12 [00:00<?, ?it/s]
Layout Predict:  17%|█▋        | 2/12 [00:00<00:04,  2.09it/s]
Layout Predict:  33%|███▎      | 4/12 [00:01<00:03,  2.09it/s]
Layout Predict:  50%|█████     | 6/12 [00:02<00:02,  2.11it/s]
Layout Predict:  67%|██████▋   | 8/12 [00:03<00:01,  2.12it/s]
Layout Predict:  83%|████████▎ | 10/12 [00:04<00:00,  2.11it/s]
Layout Predict: 100%|██████████| 12/12 [00:05<00:00,  2.11it/s]
Layout Predict: 100%|██████████| 12/12 [00:05<00:00,  2.11it/s]

MFR Predict:   0%|          | 0/33 [00:00<?, ?it/s]
MFR Predict:  24%|██▍       | 8/33 [00:01<00:05,  4.75it/s]
MFR Predict:  48%|████▊     | 16/33 [00:03<00:03,  4.63it/s]
MFR Predict:  73%|███████▎  | 24/33 [00:05<00:01,  4.75it/s]
MFR Predict:  97%|█████████▋| 32/33 [00:08<00:00,  3.12it/s]
MFR Predict: 100%|██████████| 33/33 [00:09<00:00,  2.85it/s]
MFR Predict: 100%|██████████| 33/33 [00:09<00:00,  3.37it/s]

Table-wireless Predict:   0%|          | 0/4 [00:00<?, ?it/s]
Table-wireless Predict: 100%|██████████| 4/4 [00:00<00:00, 17.55it/s]
Table-wireless Predict: 100%|██████████| 4/4 [00:00<00:00, 17.53it/s]

OCR-det:   0%|          | 0/68 [00:00<?, ?it/s]
OCR-det:   1%|▏         | 1/68 [00:00<00:15,  4.28it/s]
OCR-det:  18%|█▊        | 12/68 [00:00<00:01, 40.88it/s]
OCR-det:  31%|███       | 21/68 [00:00<00:00, 55.41it/s]
OCR-det:  51%|█████▏    | 35/68 [00:00<00:00, 78.21it/s]
OCR-det:  69%|██████▉   | 47/68 [00:00<00:00, 85.73it/s]
OCR-det:  84%|████████▍ | 57/68 [00:00<00:00, 87.04it/s]
OCR-det: 100%|██████████| 68/68 [00:00<00:00, 92.94it/s]
OCR-det: 100%|██████████| 68/68 [00:00<00:00, 74.30it/s]

OCR-rec Predict:   0%|          | 0/186 [00:00<?, ?it/s]
OCR-rec Predict:  10%|▉         | 18/186 [00:00<00:01, 145.00it/s]
OCR-rec Predict:  19%|█▉        | 36/186 [00:00<00:00, 151.32it/s]
OCR-rec Predict:  29%|██▉       | 54/186 [00:00<00:00, 154.47it/s]
OCR-rec Predict:  39%|███▊      | 72/186 [00:00<00:00, 153.45it/s]
OCR-rec Predict:  48%|████▊     | 90/186 [00:00<00:00, 154.97it/s]
OCR-rec Predict:  58%|█████▊    | 108/186 [00:00<00:00, 129.38it/s]
OCR-rec Predict:  68%|██████▊   | 126/186 [00:01<00:00, 92.74it/s] 
OCR-rec Predict:  74%|███████▍  | 138/186 [00:01<00:00, 70.42it/s]
OCR-rec Predict:  81%|████████  | 150/186 [00:01<00:00, 49.34it/s]
OCR-rec Predict:  87%|████████▋ | 162/186 [00:02<00:00, 39.25it/s]
OCR-rec Predict:  90%|█████████ | 168/186 [00:02<00:00, 35.47it/s]
OCR-rec Predict:  94%|█████████▎| 174/186 [00:02<00:00, 32.59it/s]
OCR-rec Predict:  97%|█████████▋| 180/186 [00:03<00:00, 29.59it/s]
OCR-rec Predict: 100%|██████████| 186/186 [00:03<00:00, 23.88it/s]
OCR-rec Predict: 100%|██████████| 186/186 [00:03<00:00, 53.05it/s]
