2026-09-21 22:07:53.288 | INFO     | mineru.backend.analysis.pdf.window:_log_processing_window_plan:118 - Hybrid processing-window run. page_count=6, window_size=64, total_windows=1
2026-09-21 22:07:54.251 | DEBUG    | docvortex.document.pdf.images:_load_images_from_pdf_worker:101 - PDF render worker started: pid=28192, pages=1-6, dpi=200, image_type=pil_img, pdf_bytes=780449
2026-09-21 22:07:54.377 | DEBUG    | docvortex.document.pdf.images:_load_images_from_pdf_worker:113 - PDF render worker completed: pid=28192, pages=1-6, elapsed=0.126s, images=6
2026-09-21 22:07:54.505 | INFO     | mineru.backend.analysis.pdf.window:_log_processing_window:126 - Hybrid processing window 1/1: pages 1-6/6 (6 pages)

Layout Predict:   0%|          | 0/6 [00:00<?, ?it/s]
Layout Predict:  33%|███▎      | 2/6 [00:00<00:01,  2.21it/s]
Layout Predict:  67%|██████▋   | 4/6 [00:01<00:00,  2.14it/s]
Layout Predict: 100%|██████████| 6/6 [00:02<00:00,  2.15it/s]
Layout Predict: 100%|██████████| 6/6 [00:02<00:00,  2.15it/s]

MFR Predict:   0%|          | 0/43 [00:00<?, ?it/s]
MFR Predict:  19%|█▊        | 8/43 [00:01<00:06,  5.02it/s]
MFR Predict:  37%|███▋      | 16/43 [00:03<00:05,  4.86it/s]
MFR Predict:  56%|█████▌    | 24/43 [00:04<00:03,  4.92it/s]
MFR Predict:  74%|███████▍  | 32/43 [00:06<00:02,  4.95it/s]
MFR Predict:  93%|█████████▎| 40/43 [00:08<00:00,  4.78it/s]
MFR Predict: 100%|██████████| 43/43 [00:09<00:00,  4.57it/s]
MFR Predict: 100%|██████████| 43/43 [00:09<00:00,  4.75it/s]

OCR-det:   0%|          | 0/69 [00:00<?, ?it/s]
OCR-det:  23%|██▎       | 16/69 [00:00<00:01, 34.43it/s]
OCR-det:  51%|█████     | 35/69 [00:00<00:00, 59.80it/s]
OCR-det:  68%|██████▊   | 47/69 [00:00<00:00, 69.72it/s]
OCR-det:  81%|████████  | 56/69 [00:00<00:00, 73.68it/s]
OCR-det: 100%|██████████| 69/69 [00:00<00:00, 72.83it/s]

OCR-rec Predict:   0%|          | 0/178 [00:00<?, ?it/s]
OCR-rec Predict:  13%|█▎        | 24/178 [00:00<00:00, 185.57it/s]
OCR-rec Predict:  27%|██▋       | 48/178 [00:00<00:00, 186.35it/s]
OCR-rec Predict:  40%|████      | 72/178 [00:00<00:00, 155.71it/s]
OCR-rec Predict:  51%|█████     | 90/178 [00:00<00:00, 112.17it/s]
OCR-rec Predict:  61%|██████    | 108/178 [00:01<00:00, 84.47it/s]
OCR-rec Predict:  67%|██████▋   | 120/178 [00:01<00:00, 66.91it/s]
OCR-rec Predict:  74%|███████▍  | 132/178 [00:01<00:00, 53.02it/s]
OCR-rec Predict:  81%|████████  | 144/178 [00:02<00:00, 45.22it/s]
OCR-rec Predict:  84%|████████▍ | 150/178 [00:02<00:00, 41.60it/s]
OCR-rec Predict:  88%|████████▊ | 156/178 [00:02<00:00, 38.70it/s]
OCR-rec Predict:  91%|█████████ | 162/178 [00:02<00:00, 35.02it/s]
OCR-rec Predict:  94%|█████████▍| 168/178 [00:02<00:00, 32.57it/s]
OCR-rec Predict:  98%|█████████▊| 174/178 [00:03<00:00, 30.25it/s]
OCR-rec Predict: 100%|██████████| 178/178 [00:03<00:00, 27.18it/s]
OCR-rec Predict: 100%|██████████| 178/178 [00:03<00:00, 52.58it/s]
