2026-09-21 22:09:45.036 | INFO     | mineru.backend.analysis.pdf.window:_log_processing_window_plan:118 - Hybrid processing-window run. page_count=4, window_size=64, total_windows=1
2026-09-21 22:09:46.036 | DEBUG    | docvortex.document.pdf.images:_load_images_from_pdf_worker:101 - PDF render worker started: pid=25140, pages=1-4, dpi=200, image_type=pil_img, pdf_bytes=948003
2026-09-21 22:09:46.155 | DEBUG    | docvortex.document.pdf.images:_load_images_from_pdf_worker:113 - PDF render worker completed: pid=25140, pages=1-4, elapsed=0.119s, images=4
2026-09-21 22:09:46.233 | INFO     | mineru.backend.analysis.pdf.window:_log_processing_window:126 - Hybrid processing window 1/1: pages 1-4/4 (4 pages)

Layout Predict:   0%|          | 0/4 [00:00<?, ?it/s]
Layout Predict:  50%|█████     | 2/4 [00:00<00:00,  2.09it/s]
Layout Predict: 100%|██████████| 4/4 [00:01<00:00,  2.09it/s]
Layout Predict: 100%|██████████| 4/4 [00:01<00:00,  2.09it/s]

MFR Predict:   0%|          | 0/40 [00:00<?, ?it/s]
MFR Predict:  20%|██        | 8/40 [00:01<00:06,  4.88it/s]
MFR Predict:  40%|████      | 16/40 [00:03<00:04,  4.97it/s]
MFR Predict:  60%|██████    | 24/40 [00:04<00:03,  4.87it/s]
MFR Predict:  80%|████████  | 32/40 [00:06<00:01,  4.78it/s]
MFR Predict: 100%|██████████| 40/40 [00:11<00:00,  2.94it/s]
MFR Predict: 100%|██████████| 40/40 [00:11<00:00,  3.57it/s]

Table-wireless Predict:   0%|          | 0/2 [00:00<?, ?it/s]
Table-wireless Predict: 100%|██████████| 2/2 [00:00<00:00, 17.41it/s]
Table-wireless Predict: 100%|██████████| 2/2 [00:00<00:00, 17.38it/s]

OCR-det:   0%|          | 0/47 [00:00<?, ?it/s]
OCR-det:   2%|▏         | 1/47 [00:00<00:08,  5.57it/s]
OCR-det:  30%|██▉       | 14/47 [00:00<00:00, 58.92it/s]
OCR-det:  68%|██████▊   | 32/47 [00:00<00:00, 101.11it/s]
OCR-det:  96%|█████████▌| 45/47 [00:00<00:00, 108.87it/s]
OCR-det: 100%|██████████| 47/47 [00:00<00:00, 91.32it/s] 

OCR-rec Predict:   0%|          | 0/151 [00:00<?, ?it/s]
OCR-rec Predict:  12%|█▏        | 18/151 [00:00<00:00, 152.07it/s]
OCR-rec Predict:  28%|██▊       | 42/151 [00:00<00:00, 166.96it/s]
OCR-rec Predict:  40%|███▉      | 60/151 [00:00<00:00, 163.28it/s]
OCR-rec Predict:  52%|█████▏    | 78/151 [00:00<00:00, 146.86it/s]
OCR-rec Predict:  64%|██████▎   | 96/151 [00:00<00:00, 127.43it/s]
OCR-rec Predict:  75%|███████▌  | 114/151 [00:00<00:00, 105.08it/s]
OCR-rec Predict:  83%|████████▎ | 126/151 [00:01<00:00, 91.66it/s] 
OCR-rec Predict:  91%|█████████▏| 138/151 [00:01<00:00, 76.93it/s]
OCR-rec Predict:  99%|█████████▉| 150/151 [00:01<00:00, 50.94it/s]
OCR-rec Predict: 100%|██████████| 151/151 [00:01<00:00, 82.56it/s]
