2026-09-21 22:08:22.155 | INFO     | mineru.backend.analysis.pdf.window:_log_processing_window_plan:118 - Hybrid processing-window run. page_count=8, window_size=64, total_windows=1
2026-09-21 22:08:23.020 | DEBUG    | docvortex.document.pdf.images:_load_images_from_pdf_worker:101 - PDF render worker started: pid=18904, pages=1-8, dpi=200, image_type=pil_img, pdf_bytes=877473
2026-09-21 22:08:23.390 | DEBUG    | docvortex.document.pdf.images:_load_images_from_pdf_worker:113 - PDF render worker completed: pid=18904, pages=1-8, elapsed=0.369s, images=8
2026-09-21 22:08:23.545 | INFO     | mineru.backend.analysis.pdf.window:_log_processing_window:126 - Hybrid processing window 1/1: pages 1-8/8 (8 pages)

Layout Predict:   0%|          | 0/8 [00:00<?, ?it/s]
Layout Predict:  25%|██▌       | 2/8 [00:00<00:02,  2.33it/s]
Layout Predict:  50%|█████     | 4/8 [00:01<00:01,  2.33it/s]
Layout Predict:  75%|███████▌  | 6/8 [00:02<00:00,  2.47it/s]
Layout Predict: 100%|██████████| 8/8 [00:03<00:00,  2.45it/s]
Layout Predict: 100%|██████████| 8/8 [00:03<00:00,  2.43it/s]

MFR Predict:   0%|          | 0/87 [00:00<?, ?it/s]
MFR Predict:   9%|▉         | 8/87 [00:01<00:17,  4.65it/s]
MFR Predict:  18%|█▊        | 16/87 [00:03<00:15,  4.54it/s]
MFR Predict:  28%|██▊       | 24/87 [00:05<00:14,  4.48it/s]
MFR Predict:  37%|███▋      | 32/87 [00:07<00:12,  4.54it/s]
MFR Predict:  46%|████▌     | 40/87 [00:08<00:10,  4.47it/s]
MFR Predict:  55%|█████▌    | 48/87 [00:10<00:08,  4.44it/s]
MFR Predict:  64%|██████▍   | 56/87 [00:12<00:07,  4.29it/s]
MFR Predict:  74%|███████▎  | 64/87 [00:14<00:05,  4.22it/s]
MFR Predict:  83%|████████▎ | 72/87 [00:17<00:03,  3.80it/s]
MFR Predict:  92%|█████████▏| 80/87 [00:20<00:02,  3.46it/s]
MFR Predict: 100%|██████████| 87/87 [00:23<00:00,  2.87it/s]
MFR Predict: 100%|██████████| 87/87 [00:23<00:00,  3.70it/s]

Table-wireless Predict:   0%|          | 0/3 [00:00<?, ?it/s]
Table-wireless Predict: 100%|██████████| 3/3 [00:00<00:00, 15.53it/s]
Table-wireless Predict: 100%|██████████| 3/3 [00:00<00:00, 15.52it/s]

OCR-det:   0%|          | 0/84 [00:00<?, ?it/s]
OCR-det:   1%|          | 1/84 [00:00<00:17,  4.76it/s]
OCR-det:  17%|█▋        | 14/84 [00:00<00:01, 53.35it/s]
OCR-det:  31%|███       | 26/84 [00:00<00:00, 74.68it/s]
OCR-det:  60%|█████▉    | 50/84 [00:00<00:00, 128.81it/s]
OCR-det:  82%|████████▏ | 69/84 [00:00<00:00, 96.97it/s] 
OCR-det:  99%|█████████▉| 83/84 [00:00<00:00, 99.97it/s]
OCR-det: 100%|██████████| 84/84 [00:00<00:00, 90.20it/s]

OCR-rec Predict:   0%|          | 0/241 [00:00<?, ?it/s]
OCR-rec Predict:   7%|▋         | 18/241 [00:00<00:01, 134.61it/s]
OCR-rec Predict:  15%|█▍        | 36/241 [00:00<00:01, 142.97it/s]
OCR-rec Predict:  22%|██▏       | 54/241 [00:00<00:01, 146.40it/s]
OCR-rec Predict:  30%|██▉       | 72/241 [00:00<00:01, 147.22it/s]
OCR-rec Predict:  37%|███▋      | 90/241 [00:00<00:01, 147.04it/s]
OCR-rec Predict:  45%|████▍     | 108/241 [00:00<00:00, 140.99it/s]
OCR-rec Predict:  52%|█████▏    | 126/241 [00:00<00:00, 127.62it/s]
OCR-rec Predict:  60%|█████▉    | 144/241 [00:01<00:00, 113.51it/s]
OCR-rec Predict:  65%|██████▍   | 156/241 [00:01<00:00, 103.43it/s]
OCR-rec Predict:  70%|██████▉   | 168/241 [00:01<00:00, 96.00it/s] 
OCR-rec Predict:  75%|███████▍  | 180/241 [00:01<00:00, 85.76it/s]
OCR-rec Predict:  80%|███████▉  | 192/241 [00:01<00:00, 77.55it/s]
OCR-rec Predict:  85%|████████▍ | 204/241 [00:02<00:00, 67.15it/s]
OCR-rec Predict:  90%|████████▉ | 216/241 [00:02<00:00, 56.38it/s]
OCR-rec Predict:  95%|█████████▍| 228/241 [00:02<00:00, 41.59it/s]
OCR-rec Predict:  97%|█████████▋| 234/241 [00:03<00:00, 35.69it/s]
OCR-rec Predict: 100%|█████████▉| 240/241 [00:03<00:00, 31.03it/s]
OCR-rec Predict: 100%|██████████| 241/241 [00:03<00:00, 70.13it/s]
